// Jest Snapshot v1, https://jestjs.io/docs/snapshot-testing

exports[`LoadingAnimation Loading animation snapshot 1`] = `
{
  "$$typeof": Symbol(react.transitional.element),
  "_owner": null,
  "_store": {},
  "key": null,
  "props": {
    "children": [
      {
        "$$typeof": Symbol(react.transitional.element),
        "_owner": null,
        "_store": {},
        "key": null,
        "props": {
          "className": "absolute w-1 h-full bg-black opacity-50",
        },
        "type": "div",
      },
      {
        "$$typeof": Symbol(react.transitional.element),
        "_owner": null,
        "_store": {},
        "key": null,
        "props": {
          "children": [
            {
              "$$typeof": Symbol(react.transitional.element),
              "_owner": null,
              "_store": {},
              "key": null,
              "props": {
                "className": "absolute w-1/2 h-full bg-white border-black border",
              },
              "type": "div",
            },
            {
              "$$typeof": Symbol(react.transitional.element),
              "_owner": null,
              "_store": {},
              "key": null,
              "props": {
                "className": "absolute w-1/2 left-1/2 h-full bg-white border-black border",
              },
              "type": "div",
            },
            {
              "$$typeof": Symbol(react.transitional.element),
              "_owner": null,
              "_store": {},
              "key": null,
              "props": {
                "className": "absolute w-1/2 h-full bg-white border-black border animate-[2s_linear_flip_infinite]",
              },
              "type": "div",
            },
          ],
          "className": "relative w-full h-full",
        },
        "type": "div",
      },
    ],
    "className": "relative w-20 h-20 bg-red-800 flex justify-center items-center p-1 border-2 border-black rounded-md",
  },
  "type": "div",
}
`;
