// Jest Snapshot v1, https://jestjs.io/docs/snapshot-testing

exports[`ThemeSwitch button should match snapshot 1`] = `
{
  "asFragment": [Function],
  "baseElement": <body>
    <div>
      <button
        class="aspect-[3] rounded-full duration-500 overflow-hidden inset-shadow-sm inset-shadow-black/50 cursor-pointer"
      >
        <div
          class="absolute top-0 left-0 w-full h-full flex items-center -z-1"
        >
          <div
            class="absolute h-full aspect-square p-[4%] duration-500 left-0"
          >
            <div
              class="relative w-full h-full"
            >
              <div
                class="absolute -top-7/2 -left-7/2 w-[800%] h-[800%] duration-500 bg-slate-500"
              />
              <div
                class="absolute -top-3/2 -left-3/2 w-[400%] h-[400%] rounded-full duration-500"
              />
              <div
                class="absolute -top-full -left-full w-[300%] h-[300%] rounded-full duration-500"
              />
              <div
                class="absolute -top-1/2 -left-1/2 w-[200%] h-[200%] rounded-full duration-500"
              />
              <div
                class="absolute top-0 left-0 w-full h-full bg-amber-400 rounded-full z-2 overflow-hidden"
              >
                <div
                  class="absolute top-0 w-full h-full bg-neutral-300 rounded-full duration-500 left-1/2"
                >
                  <div
                    class="absolute top-3/7 left-1/5 w-1/3 aspect-square bg-neutral-400 rounded-full"
                  />
                  <div
                    class="absolute top-4/7 left-3/5 w-1/5 aspect-square bg-neutral-400 rounded-full"
                  />
                  <div
                    class="absolute top-1/7 left-1/3 w-1/5 aspect-square bg-neutral-400 rounded-full"
                  />
                </div>
              </div>
            </div>
          </div>
          <div
            class="absolute left-0 w-full h-[200%] ease-in-out duration-500 top-[-50%]"
          >
            <div
              class="absolute top-1/12 left-1/4 w-1/16 bg-white star rotate-10"
            />
            <div
              class="absolute top-1/4 left-3/11 w-1/24 bg-white star rotate-40"
            />
            <div
              class="absolute top-1/6 left-1/8 w-1/24 bg-white star rotate-90"
            />
            <div
              class="absolute top-2/5 left-3/10 w-1/24 bg-white star rotate-40"
            />
            <div
              class="absolute top-3/8 left-1/5 w-1/24 bg-white star rotate-80"
            />
            <div
              class="absolute top-1/3 left-1/8 w-1/24 bg-white star rotate-20"
            />
            <div
              class="absolute top-1/8 left-5/12 w-1/24 bg-white star rotate-30"
            />
            <div
              class="absolute top-1/4 left-3/8 w-1/24 bg-white star rotate-60"
            />
            <div
              class="absolute top-1/3 left-5/12 w-1/24 bg-white star rotate-40"
            />
            <div
              class="absolute top-1/8 left-7/13 w-1/16 bg-white star rotate-50"
            />
            <div
              class="absolute top-1/3 left-7/13 w-1/24 bg-white star rotate-10"
            />
            <div
              class="absolute -bottom-1/10 -right-1/7 w-3/8 aspect-square bg-blue-200 rounded-full"
            />
            <div
              class="absolute -bottom-1/12 right-1/7 w-1/5 aspect-square bg-blue-200 rounded-full"
            />
            <div
              class="absolute -bottom-1/8 right-1/4 w-1/4 aspect-square bg-blue-200 rounded-full"
            />
            <div
              class="absolute -bottom-1/6 right-2/5 w-1/4 aspect-square bg-blue-200 rounded-full"
            />
            <div
              class="absolute -bottom-1/6 right-7/12 w-1/4 aspect-square bg-blue-200 rounded-full"
            />
            <div
              class="absolute -bottom-1/6 right-2/5 w-1/4 aspect-square bg-blue-200 rounded-full"
            />
            <div
              class="absolute -bottom-1/8 -right-1/8 w-1/3 aspect-square bg-white rounded-full"
            />
            <div
              class="absolute -bottom-1/12 right-1/6 w-1/8 aspect-square bg-white rounded-full"
            />
          </div>
          <div
            class="absolute w-2/3 left-1/3 pr-[10%] text-center text-white duration-250"
          >
            AUTO
          </div>
        </div>
      </button>
    </div>
  </body>,
  "container": <div>
    <button
      class="aspect-[3] rounded-full duration-500 overflow-hidden inset-shadow-sm inset-shadow-black/50 cursor-pointer"
    >
      <div
        class="absolute top-0 left-0 w-full h-full flex items-center -z-1"
      >
        <div
          class="absolute h-full aspect-square p-[4%] duration-500 left-0"
        >
          <div
            class="relative w-full h-full"
          >
            <div
              class="absolute -top-7/2 -left-7/2 w-[800%] h-[800%] duration-500 bg-slate-500"
            />
            <div
              class="absolute -top-3/2 -left-3/2 w-[400%] h-[400%] rounded-full duration-500"
            />
            <div
              class="absolute -top-full -left-full w-[300%] h-[300%] rounded-full duration-500"
            />
            <div
              class="absolute -top-1/2 -left-1/2 w-[200%] h-[200%] rounded-full duration-500"
            />
            <div
              class="absolute top-0 left-0 w-full h-full bg-amber-400 rounded-full z-2 overflow-hidden"
            >
              <div
                class="absolute top-0 w-full h-full bg-neutral-300 rounded-full duration-500 left-1/2"
              >
                <div
                  class="absolute top-3/7 left-1/5 w-1/3 aspect-square bg-neutral-400 rounded-full"
                />
                <div
                  class="absolute top-4/7 left-3/5 w-1/5 aspect-square bg-neutral-400 rounded-full"
                />
                <div
                  class="absolute top-1/7 left-1/3 w-1/5 aspect-square bg-neutral-400 rounded-full"
                />
              </div>
            </div>
          </div>
        </div>
        <div
          class="absolute left-0 w-full h-[200%] ease-in-out duration-500 top-[-50%]"
        >
          <div
            class="absolute top-1/12 left-1/4 w-1/16 bg-white star rotate-10"
          />
          <div
            class="absolute top-1/4 left-3/11 w-1/24 bg-white star rotate-40"
          />
          <div
            class="absolute top-1/6 left-1/8 w-1/24 bg-white star rotate-90"
          />
          <div
            class="absolute top-2/5 left-3/10 w-1/24 bg-white star rotate-40"
          />
          <div
            class="absolute top-3/8 left-1/5 w-1/24 bg-white star rotate-80"
          />
          <div
            class="absolute top-1/3 left-1/8 w-1/24 bg-white star rotate-20"
          />
          <div
            class="absolute top-1/8 left-5/12 w-1/24 bg-white star rotate-30"
          />
          <div
            class="absolute top-1/4 left-3/8 w-1/24 bg-white star rotate-60"
          />
          <div
            class="absolute top-1/3 left-5/12 w-1/24 bg-white star rotate-40"
          />
          <div
            class="absolute top-1/8 left-7/13 w-1/16 bg-white star rotate-50"
          />
          <div
            class="absolute top-1/3 left-7/13 w-1/24 bg-white star rotate-10"
          />
          <div
            class="absolute -bottom-1/10 -right-1/7 w-3/8 aspect-square bg-blue-200 rounded-full"
          />
          <div
            class="absolute -bottom-1/12 right-1/7 w-1/5 aspect-square bg-blue-200 rounded-full"
          />
          <div
            class="absolute -bottom-1/8 right-1/4 w-1/4 aspect-square bg-blue-200 rounded-full"
          />
          <div
            class="absolute -bottom-1/6 right-2/5 w-1/4 aspect-square bg-blue-200 rounded-full"
          />
          <div
            class="absolute -bottom-1/6 right-7/12 w-1/4 aspect-square bg-blue-200 rounded-full"
          />
          <div
            class="absolute -bottom-1/6 right-2/5 w-1/4 aspect-square bg-blue-200 rounded-full"
          />
          <div
            class="absolute -bottom-1/8 -right-1/8 w-1/3 aspect-square bg-white rounded-full"
          />
          <div
            class="absolute -bottom-1/12 right-1/6 w-1/8 aspect-square bg-white rounded-full"
          />
        </div>
        <div
          class="absolute w-2/3 left-1/3 pr-[10%] text-center text-white duration-250"
        >
          AUTO
        </div>
      </div>
    </button>
  </div>,
  "debug": [Function],
  "findAllByAltText": [Function],
  "findAllByDisplayValue": [Function],
  "findAllByLabelText": [Function],
  "findAllByPlaceholderText": [Function],
  "findAllByRole": [Function],
  "findAllByTestId": [Function],
  "findAllByText": [Function],
  "findAllByTitle": [Function],
  "findByAltText": [Function],
  "findByDisplayValue": [Function],
  "findByLabelText": [Function],
  "findByPlaceholderText": [Function],
  "findByRole": [Function],
  "findByTestId": [Function],
  "findByText": [Function],
  "findByTitle": [Function],
  "getAllByAltText": [Function],
  "getAllByDisplayValue": [Function],
  "getAllByLabelText": [Function],
  "getAllByPlaceholderText": [Function],
  "getAllByRole": [Function],
  "getAllByTestId": [Function],
  "getAllByText": [Function],
  "getAllByTitle": [Function],
  "getByAltText": [Function],
  "getByDisplayValue": [Function],
  "getByLabelText": [Function],
  "getByPlaceholderText": [Function],
  "getByRole": [Function],
  "getByTestId": [Function],
  "getByText": [Function],
  "getByTitle": [Function],
  "queryAllByAltText": [Function],
  "queryAllByDisplayValue": [Function],
  "queryAllByLabelText": [Function],
  "queryAllByPlaceholderText": [Function],
  "queryAllByRole": [Function],
  "queryAllByTestId": [Function],
  "queryAllByText": [Function],
  "queryAllByTitle": [Function],
  "queryByAltText": [Function],
  "queryByDisplayValue": [Function],
  "queryByLabelText": [Function],
  "queryByPlaceholderText": [Function],
  "queryByRole": [Function],
  "queryByTestId": [Function],
  "queryByText": [Function],
  "queryByTitle": [Function],
  "rerender": [Function],
  "unmount": [Function],
}
`;
