// Jest Snapshot v1, https://jestjs.io/docs/snapshot-testing

exports[`AboutPage about page layout should match snapshot 1`] = `
<div>
  <div
    class="absolute left-0 bottom-0 w-full h-full"
  >
    <div
      class="absolute left-0 bottom-0 w-screen h-20 ease-in-out duration-250"
    >
      <div
        class="absolute bottom-0 left-[calc(16vw-22rem)] w-120 h-full dialog-portrait"
      >
        <img
          alt=""
          class="absolute w-full bottom-0"
          src="https://images.zehata.dev/public/portraits/neutral/face.webp"
        />
        <div
          class="absolute"
          style="width: 72px; left: 263px; bottom: 95px;"
        >
          <img
            alt=""
            class="absolute w-full left-0 bottom-0"
            src="https://images.zehata.dev/public/portraits/neutral/mouth-closed.webp"
          />
          <img
            alt=""
            class="absolute w-full left-0 bottom-0 portrait-mouth-1"
            src="https://images.zehata.dev/public/portraits/neutral/mouth-1.webp"
          />
          <img
            alt=""
            class="absolute w-full left-0 bottom-0 portrait-mouth-2"
            src="https://images.zehata.dev/public/portraits/neutral/mouth-2.webp"
          />
        </div>
        <div
          class="absolute"
          style="width: 208px; left: 232px; bottom: 212px;"
        >
          <img
            alt=""
            class="absolute w-full left-0 bottom-0 opacity-25"
            src="https://images.zehata.dev/public/portraits/neutral/eyes.webp"
          />
          <img
            alt=""
            class="absolute w-full left-0 bottom-0 eyes-closed"
            src="https://images.zehata.dev/public/portraits/neutral/eyes-closed.webp"
          />
        </div>
      </div>
      <div
        class="absolute left-[calc(12vw+0rem)] bottom-[5rem] w-[200px] h-[200px] origin-[-10%_85%] speech-bubble"
        style="transition: none; transform: scale3d(0.001,0.001,1);"
      >
        <div
          class="absolute w-[200px] h-[200px] bg-black -z-1"
          style="transform: matrix3d(-1,0.1,0,0,0,-1,0,0,0,0,1,0,0,-3,0,1); transition: none;"
        />
        <div
          class="absolute w-[200px] h-[200px] bg-background -z-1"
          style="transform: matrix3d(1,0,0,-0.001,0,1,0,0,0,0,1,0,0,0,0,1); transition: none;"
        />
      </div>
      <div
        class="absolute left-[calc(21vw-0rem)] bottom-[7rem] w-[calc(50vw-3rem)] h-[11.5rem] flex flex-col justify-between dialog-text text-sm md:text-base opacity-0"
      >
        <div
          class="relative h-full flex-shrink overflow-y-auto"
        >
          Hello there. May I help you?
        </div>
        <div
          class="relative h-10 flex-shrink-0"
        >
          <div
            class="absolute w-12 h-10 overflow-hidden right-5"
            style="transition: none;"
          >
            <div
              class="absolute top-[calc(1.25rem-2px)] right-2 h-1 bg-foreground w-10"
              style="transition: none;"
            />
            <div
              class="absolute right-3 border-t-4 border-r-4 w-10 h-10 rotate-45"
            />
          </div>
        </div>
      </div>
    </div>
    <div
      class="absolute flex flex-col items-end -right-26 bottom-20 duration-250 ease-in-out origin-[1000%_100%] z-1 responses -rotate-20"
    >
      <a
        class="relative bg-background -mb-36 h-56 z-1 shadow-center p-4 origin-[150%_100%] ease-in-out duration-250 left-0 hover:-left-6 focus-within:-left-6 text-sm md:text-base"
        href="me-1"
        style="width: calc(10rem + 13vw); margin-right: calc(4rem); --rotate-angle: 2deg; rotate: -4deg; padding-right: 6rem;"
      >
        Hi, tell me about yourself
      </a>
      <a
        class="relative bg-background -mb-36 h-56 z-1 shadow-center p-4 origin-[150%_100%] ease-in-out duration-250 left-0 hover:-left-6 focus-within:-left-6 text-sm md:text-base"
        href="skills-1"
        style="width: calc(10rem + 14vw); margin-right: calc(4.25rem); --rotate-angle: 0deg; rotate: -4deg; padding-right: 4rem;"
      >
        What skills do you have?
      </a>
      <a
        class="relative bg-background -mb-36 h-56 z-1 shadow-center p-4 origin-[150%_100%] ease-in-out duration-250 left-0 hover:-left-6 focus-within:-left-6 text-sm md:text-base"
        href="https://boring.zehata.dev"
        style="width: calc(10rem + 15vw); margin-right: calc(4.5rem); --rotate-angle: -2deg; rotate: -4deg; padding-right: 2rem;"
      >
        Can I read this in prose instead
      </a>
    </div>
  </div>
</div>
`;
