// Jest Snapshot v1, https://jestjs.io/docs/snapshot-testing

exports[`SpeechBubble article page should match snapshot 1`] = `
{
  "asFragment": [Function],
  "baseElement": <body>
    <div>
      <div
        class="absolute left-[calc(12vw+0rem)] bottom-[5rem] w-[200px] h-[200px] origin-[-10%_85%] speech-bubble"
        style="transition: none; transform: scale3d(0.001,0.001,1);"
      >
        <div
          class="absolute w-[200px] h-[200px] bg-black -z-1"
          style="transform: matrix3d(-1,0.1,0,0,0,-1,0,0,0,0,1,0,0,-3,0,1); transition: none;"
        />
        <div
          class="absolute w-[200px] h-[200px] bg-background -z-1"
          style="transform: matrix3d(1,0,0,-0.001,0,1,0,0,0,0,1,0,0,0,0,1); transition: none;"
        />
      </div>
      <div
        class="absolute left-[calc(21vw-0rem)] bottom-[7rem] w-[calc(50vw-3rem)] h-[11.5rem] flex flex-col justify-between dialog-text text-sm md:text-base opacity-0"
      >
        <div
          class="relative h-full flex-shrink overflow-y-auto"
        />
        <div
          class="relative h-10 flex-shrink-0"
        >
          <div
            class="absolute w-12 h-10 overflow-hidden right-5"
            style="transition: none;"
          >
            <div
              class="absolute top-[calc(1.25rem-2px)] right-2 h-1 bg-foreground w-10"
              style="transition: none;"
            />
            <div
              class="absolute right-3 border-t-4 border-r-4 w-10 h-10 rotate-45"
            />
          </div>
        </div>
      </div>
    </div>
  </body>,
  "container": <div>
    <div
      class="absolute left-[calc(12vw+0rem)] bottom-[5rem] w-[200px] h-[200px] origin-[-10%_85%] speech-bubble"
      style="transition: none; transform: scale3d(0.001,0.001,1);"
    >
      <div
        class="absolute w-[200px] h-[200px] bg-black -z-1"
        style="transform: matrix3d(-1,0.1,0,0,0,-1,0,0,0,0,1,0,0,-3,0,1); transition: none;"
      />
      <div
        class="absolute w-[200px] h-[200px] bg-background -z-1"
        style="transform: matrix3d(1,0,0,-0.001,0,1,0,0,0,0,1,0,0,0,0,1); transition: none;"
      />
    </div>
    <div
      class="absolute left-[calc(21vw-0rem)] bottom-[7rem] w-[calc(50vw-3rem)] h-[11.5rem] flex flex-col justify-between dialog-text text-sm md:text-base opacity-0"
    >
      <div
        class="relative h-full flex-shrink overflow-y-auto"
      />
      <div
        class="relative h-10 flex-shrink-0"
      >
        <div
          class="absolute w-12 h-10 overflow-hidden right-5"
          style="transition: none;"
        >
          <div
            class="absolute top-[calc(1.25rem-2px)] right-2 h-1 bg-foreground w-10"
            style="transition: none;"
          />
          <div
            class="absolute right-3 border-t-4 border-r-4 w-10 h-10 rotate-45"
          />
        </div>
      </div>
    </div>
  </div>,
  "debug": [Function],
  "findAllByAltText": [Function],
  "findAllByDisplayValue": [Function],
  "findAllByLabelText": [Function],
  "findAllByPlaceholderText": [Function],
  "findAllByRole": [Function],
  "findAllByTestId": [Function],
  "findAllByText": [Function],
  "findAllByTitle": [Function],
  "findByAltText": [Function],
  "findByDisplayValue": [Function],
  "findByLabelText": [Function],
  "findByPlaceholderText": [Function],
  "findByRole": [Function],
  "findByTestId": [Function],
  "findByText": [Function],
  "findByTitle": [Function],
  "getAllByAltText": [Function],
  "getAllByDisplayValue": [Function],
  "getAllByLabelText": [Function],
  "getAllByPlaceholderText": [Function],
  "getAllByRole": [Function],
  "getAllByTestId": [Function],
  "getAllByText": [Function],
  "getAllByTitle": [Function],
  "getByAltText": [Function],
  "getByDisplayValue": [Function],
  "getByLabelText": [Function],
  "getByPlaceholderText": [Function],
  "getByRole": [Function],
  "getByTestId": [Function],
  "getByText": [Function],
  "getByTitle": [Function],
  "queryAllByAltText": [Function],
  "queryAllByDisplayValue": [Function],
  "queryAllByLabelText": [Function],
  "queryAllByPlaceholderText": [Function],
  "queryAllByRole": [Function],
  "queryAllByTestId": [Function],
  "queryAllByText": [Function],
  "queryAllByTitle": [Function],
  "queryByAltText": [Function],
  "queryByDisplayValue": [Function],
  "queryByLabelText": [Function],
  "queryByPlaceholderText": [Function],
  "queryByRole": [Function],
  "queryByTestId": [Function],
  "queryByText": [Function],
  "queryByTitle": [Function],
  "rerender": [Function],
  "unmount": [Function],
}
`;
