// Jest Snapshot v1, https://jestjs.io/docs/snapshot-testing

exports[`BlogPage should match snapshot 1`] = `
<div>
  <div
    class="absolute xl:relative xl:pl-8 flex-shrink-0 w-full h-full xl:w-2/3 blogid z-3"
  >
    <div
      class="absolute w-full h-full -left-1 xl:left-8 top-2 paper"
    >
      <div
        class="absolute bg-background w-[100%] h-[120%] -rotate-4 shadow-[0_0_10px_-5px]"
      />
      <div
        class="absolute bg-background w-[100%] h-[120%] -rotate-1 origin-[50%_1%] shadow-[0_0_10px_-5px]"
      />
    </div>
    <div
      class="relative w-full h-full overflow-hidden slant"
    >
      <div
        class="relative w-full h-full p-10 pt-16 article-content overflow-auto"
        id="main-content"
      >
        <h1
          class="mb-2 text-xl"
        >
          test blog
        </h1>
        <div
          class="mb-4"
        >
          Sat, Jan 1, 2000 
        </div>
        <div
          class="relative mb-2 xl:absolute xl:top-18 flex gap-4 xl:right-20"
        >
          <div
            class="relative flex origin-[0%_100%] text-xl font-[Impact] "
            style="color: rgb(0, 0, 0); border-color: rgb(0, 0, 0); rotate: -2deg;"
          >
            <div
              class="flex flex-col w-fit p-1 gap-1 border-inherit border-4 text-[30px] leading-[24px] uppercase"
            >
              <div>
                Status
              </div>
              <div>
                Ongoing
              </div>
            </div>
          </div>
        </div>
        <div
          class="flex -mx-0.5 w-[2.5em] aspect-square justify-center items-center"
        >
          <button
            class="relative flex justify-center items-center w-[2em] h-[2em] aspect-square p-1 border-2 bg-background cursor-pointer duration-100 hover:w-[2.2em] hover:h-[2.2em] hover:rotate-5 active:rotate-0 active:w-[2em] active:h-[2em] "
          >
            <svg
              aria-hidden="true"
              class="lucide lucide-share2 lucide-share-2"
              fill="none"
              height="24"
              stroke="currentColor"
              stroke-linecap="round"
              stroke-linejoin="round"
              stroke-width="2"
              viewBox="0 0 24 24"
              width="24"
              xmlns="http://www.w3.org/2000/svg"
            >
              <circle
                cx="18"
                cy="5"
                r="3"
              />
              <circle
                cx="6"
                cy="12"
                r="3"
              />
              <circle
                cx="18"
                cy="19"
                r="3"
              />
              <line
                x1="8.59"
                x2="15.42"
                y1="13.51"
                y2="17.49"
              />
              <line
                x1="15.41"
                x2="8.59"
                y1="6.51"
                y2="10.49"
              />
            </svg>
          </button>
        </div>
        <div
          class="mt-4"
        >
          <p>
            blog content
          </p>
        </div>
      </div>
    </div>
  </div>
</div>
`;
